// Jest Snapshot v1, https://goo.gl/fbAQLP

exports[`tests in <AddCategory /> should displayed right 1`] = `
<form
  onSubmit={[Function]}
>
  <input
    onChange={[Function]}
    type="text"
    value=""
  />
</form>
`;
