// Jest Snapshot v1, https://goo.gl/fbAQLP

exports[`test in <GifGrid /> should displayed right 1`] = `
<Fragment>
  <h3
    className="animate__animated animate__fadeIn"
  >
     
    One Punch
     
  </h3>
  <p
    className="animate__animated animate__flash"
  >
    'Cargando....'
  </p>
  <div
    className="card-grid"
  />
</Fragment>
`;
